Crawling 1: https://www.morfrac.com/
Crawling 2: https://www.morfrac.com/shop/mloop-dyneema-loop-12675
Crawling 3: https://www.morfrac.com/es/shop/mloop-dyneema-loop-12675
Crawling 4: https://www.morfrac.com/shop/dogbone60-23-12467
Crawling 5: https://www.morfrac.com/es/shop/dogbone60-23-12467
Crawling 6: https://www.morfrac.com/es/shop/shackle-17-4ph-12827
Crawling 7: https://www.morfrac.com/shop/morfblock-light-4-p-12338
Crawling 8: https://www.morfrac.com/shop/morfblock-light-4-hl-12823
Crawling 9: https://www.morfrac.com/es/shop/category/mloop-34
Crawling 10: https://www.morfrac.com/es/shop/category/morfblock-17
Crawling 11: https://www.morfrac.com/about
Crawling 12: https://www.morfrac.com/blog
Crawling 13: https://www.morfrac.com/contactus
Crawling 14: https://www.morfrac.com/custom
Crawling 15: https://www.morfrac.com/disclaimer
Crawling 16: https://www.morfrac.com/dogbone
Crawling 17: https://www.morfrac.com/es
Crawling 18: https://www.morfrac.com/morfblock
Crawling 19: https://www.morfrac.com/morfring
Crawling 20: https://www.morfrac.com/morfwing
Crawling 21: https://www.morfrac.com/padeye
Crawling 22: https://www.morfrac.com/partner
Crawling 23: https://www.morfrac.com/powerfurl
Crawling 24: https://www.morfrac.com/privacy
Crawling 25: https://www.morfrac.com/returns
Crawling 26: https://www.morfrac.com/shackle
Crawling 27: https://www.morfrac.com/shipping
Crawling 28: https://www.morfrac.com/shop
Crawling 29: https://www.morfrac.com/shop/category/powerfurl-1
Crawling 30: https://www.morfrac.com/shop/wishlist
Crawling 31: https://www.morfrac.com/solutions
Crawling 32: https://www.morfrac.com/terms-conditions
Crawling 33: https://www.morfrac.com/use
Crawling 34: https://www.morfrac.com/website/social/instagram
Crawling 35: https://www.morfrac.com/website/social/linkedin
Crawling 36: https://www.morfrac.com/shop/category/dogbone-25
Crawling 37: https://www.morfrac.com/shop/category/mloop-34
Crawling 38: https://www.morfrac.com/shop/category/morfblock-17
Crawling 39: https://www.morfrac.com/shop/category/morfring-26
Crawling 40: https://www.morfrac.com/shop/category/padeye-27
Crawling 41: https://www.morfrac.com/shop/category/shackle-24
Crawling 42: https://www.morfrac.com/terms
Crawling 43: https://www.morfrac.com/es/about
Crawling 44: https://www.morfrac.com/es/blog
Crawling 45: https://www.morfrac.com/es/contactus
Crawling 46: https://www.morfrac.com/es/custom
Crawling 47: https://www.morfrac.com/es/disclaimer
Crawling 48: https://www.morfrac.com/es/dogbone
Crawling 49: https://www.morfrac.com/es/morfblock
Crawling 50: https://www.morfrac.com/es/morfring
Crawling 51: https://www.morfrac.com/es/morfwing
Crawling 52: https://www.morfrac.com/es/padeye
Crawling 53: https://www.morfrac.com/es/partner
Crawling 54: https://www.morfrac.com/es/powerfurl
Crawling 55: https://www.morfrac.com/es/privacy
Crawling 56: https://www.morfrac.com/es/returns
Crawling 57: https://www.morfrac.com/es/shackle
Crawling 58: https://www.morfrac.com/es/shipping
Crawling 59: https://www.morfrac.com/es/shop
Crawling 60: https://www.morfrac.com/es/shop/category/dogbone-25
Crawling 61: https://www.morfrac.com/es/shop/category/morfring-26
Crawling 62: https://www.morfrac.com/es/shop/category/padeye-27
Crawling 63: https://www.morfrac.com/es/shop/category/powerfurl-1
Crawling 64: https://www.morfrac.com/es/shop/category/shackle-24
Crawling 65: https://www.morfrac.com/es/shop/wishlist
Crawling 66: https://www.morfrac.com/es/solutions
Crawling 67: https://www.morfrac.com/es/terms
Crawling 68: https://www.morfrac.com/es/terms-conditions
Crawling 69: https://www.morfrac.com/es/use
Crawling 70: https://www.morfrac.com/es/website/social/instagram
Crawling 71: https://www.morfrac.com/es/website/social/linkedin
Crawling 72: https://www.morfrac.com/es/shop/dogbone-60-23-aluminium-12467
Crawling 73: https://www.morfrac.com/shop/dogbone-60-23-aluminium-12467
Crawling 74: https://www.morfrac.com/es/shop/category/outlet-36
Crawling 75: https://www.morfrac.com/shop/shackle-17-4ph-12827
Crawling 76: https://www.morfrac.com/document/share/12/d301f2c6-5349-4ff4-b4b7-25a78f83e1e7
Crawling 77: https://www.morfrac.com/document/share/13/2b506fa7-1216-484f-900f-d0fe8d85ffdd
Crawling 78: https://www.morfrac.com/es/shop/morfblock-light-04-performance-sailing-block-12338
Crawling 79: https://www.morfrac.com/shop/morfblock-light-04-performance-sailing-block-12338
Crawling 80: https://www.morfrac.com/es/shop/morfblock-light-4-hl-12823
Crawling 81: https://www.morfrac.com/shop/category/outlet-36
Crawling 82: https://www.morfrac.com/es/become-a-morfrac-trade-partner
Crawling 83: https://www.morfrac.com/es/shop/category/custom-33
Crawling 84: https://www.morfrac.com/es/shop/category/dogbone-dogbone-al-28
Crawling 85: https://www.morfrac.com/es/shop/category/dogbone-dogbone-ti-29
Crawling 86: https://www.morfrac.com/es/shop/category/mainsail-systems-39
Crawling 87: https://www.morfrac.com/es/shop/category/morfblock-max-38
Crawling 88: https://www.morfrac.com/es/shop/category/morfblock-morfblock-light-18
Crawling 89: https://www.morfrac.com/es/shop/category/morfblock-morfblock-snatch-19
Crawling 90: https://www.morfrac.com/es/shop/category/morfblock-morfblock-wood-20
Crawling 91: https://www.morfrac.com/es/shop/category/morfblock-morfblock-xl-21
Crawling 92: https://www.morfrac.com/es/shop/category/mreel-35
Crawling 93: https://www.morfrac.com/es/shop/category/powerfurl-almacenadores-sin-fin-31
Crawling 94: https://www.morfrac.com/es/shop/category/powerfurl-almacenadores-sin-fin-powerfurl-eight-10
Crawling 95: https://www.morfrac.com/es/shop/category/powerfurl-almacenadores-sin-fin-powerfurl-four-11
Crawling 96: https://www.morfrac.com/es/shop/category/powerfurl-almacenadores-sin-fin-powerfurl-one-12
Crawling 97: https://www.morfrac.com/es/shop/category/powerfurl-almacenadores-sin-fin-powerfurl-six-13
Crawling 98: https://www.morfrac.com/es/shop/category/powerfurl-almacenadores-sin-fin-powerfurl-ten-14
Crawling 99: https://www.morfrac.com/es/shop/category/powerfurl-almacenadores-sin-fin-powerfurl-three-15
Crawling 100: https://www.morfrac.com/es/shop/category/powerfurl-almacenadores-sin-fin-powerfurl-twelve-16
Crawling 101: https://www.morfrac.com/es/shop/category/powerfurl-almacenadores-tambor-30
Crawling 102: https://www.morfrac.com/es/shop/category/powerfurl-tdi-22
Crawling 103: https://www.morfrac.com/es/shop/category/powerfurl-tdi-s-23
Crawling 104: https://www.morfrac.com/es/shop/category/powerfurl-underdeck-32
Crawling 105: https://www.morfrac.com/es/shop/category/ti-shackle-24
Crawling 106: https://www.morfrac.com/es/shop/mloop-34/mloop-custom-12674
Crawling 107: https://www.morfrac.com/es/shop/mloop-34/mloop-dyneema-loop-12675
Crawling 108: https://www.morfrac.com/es/subscribe-to-the-morfrac-dispatch
Crawling 109: https://www.morfrac.com/es/shop/category/morfblock-17/page/2
Crawling 110: https://www.morfrac.com/es/shop/category/morfblock-17/page/3
Crawling 111: https://www.morfrac.com/es/shop/morfblock-17/morfblock-light-0-5-sailing-block-12322
Crawling 112: https://www.morfrac.com/es/shop/morfblock-17/morfblock-light-01-high-load-sailing-block-12324
Crawling 113: https://www.morfrac.com/es/shop/morfblock-17/morfblock-light-01-performance-sailing-block-12326
Crawling 114: https://www.morfrac.com/es/shop/morfblock-17/morfblock-light-02-high-load-sailing-block-12328
Crawling 115: https://www.morfrac.com/es/shop/morfblock-17/morfblock-light-02-performance-sailing-block-12330
Crawling 116: https://www.morfrac.com/es/shop/morfblock-17/morfblock-light-03-high-load-sailing-block-12332
Crawling 117: https://www.morfrac.com/es/shop/morfblock-17/morfblock-light-03-performance-sailing-block-12334
Crawling 118: https://www.morfrac.com/es/shop/morfblock-17/morfblock-light-04-high-load-sailing-block-12336
Crawling 119: https://www.morfrac.com/es/shop/morfblock-17/morfblock-light-04-performance-sailing-block-12338
Crawling 120: https://www.morfrac.com/es/shop/morfblock-17/morfblock-light-05-high-load-sailing-block-12340
Crawling 121: https://www.morfrac.com/es/shop/morfblock-17/morfblock-light-05-performance-sailing-block-12342
Crawling 122: https://www.morfrac.com/es/shop/morfblock-17/morfblock-light-06-high-load-sailing-block-12344
Crawling 123: https://www.morfrac.com/es/shop/morfblock-17/morfblock-light-06-performance-sailing-block-12346
Crawling 124: https://www.morfrac.com/es/shop/morfblock-17/morfblock-xl-01-high-load-sailing-block-12364
Crawling 125: https://www.morfrac.com/es/shop/morfblock-17/morfblock-xl-01-performance-sailing-block-12366
Crawling 126: https://www.morfrac.com/es/shop/morfblock-17/morfblock-xl-02-high-load-sailing-block-12372
Crawling 127: https://www.morfrac.com/blog/custom-6
Crawling 128: https://www.morfrac.com/blog/custom-6/40000-times-its-weight-15
Crawling 129: https://www.morfrac.com/blog/custom-6/colour-coded-sailing-blocks-12
Crawling 130: https://www.morfrac.com/blog/custom-6/cunningham-furler-25
Crawling 131: https://www.morfrac.com/blog/custom-6/pignose-titanium-24
Crawling 132: https://www.morfrac.com/blog/news-1
Crawling 133: https://www.morfrac.com/blog/news-1/2024-what-a-year-32
Crawling 134: https://www.morfrac.com/blog/news-1/introducing-morfwing-31
Crawling 135: https://www.morfrac.com/blog/news-1/mets-2024-17
Crawling 136: https://www.morfrac.com/blog/news-1/morfrac-de-walle-sails-33
Crawling 137: https://www.morfrac.com/blog/news-1/new-powerfurl-one-38
Crawling 138: https://www.morfrac.com/blog/news-1/set-sail-with-morfrac-16
Crawling 139: https://www.morfrac.com/blog/page/2
Crawling 140: https://www.morfrac.com/blog/stories-4
Crawling 141: https://www.morfrac.com/blog/stories-4/3d-printed-molds-10
Crawling 142: https://www.morfrac.com/blog/stories-4/aluminium-titanium-stainless-steel-39
Crawling 143: https://www.morfrac.com/blog/tag/custom-9
Crawling 144: https://www.morfrac.com/blog/tag/events-12
Crawling 145: https://www.morfrac.com/blog/tag/manufacturing-8
Crawling 146: https://www.morfrac.com/blog/tag/materials-14
Crawling 147: https://www.morfrac.com/blog/tag/media-5
Crawling 148: https://www.morfrac.com/blog/tag/morfblock-1
Crawling 149: https://www.morfrac.com/blog/tag/morfrac-network-10
Crawling 150: https://www.morfrac.com/blog/tag/morfwing-13
Crawling 151: https://www.morfrac.com/blog/tag/news-2
Crawling 152: https://www.morfrac.com/blog/tag/on-board-6
Crawling 153: https://www.morfrac.com/blog/tag/partners-11
Crawling 154: https://www.morfrac.com/blog/tag/powerfurl-4
Crawling 155: https://www.morfrac.com/blog/tag/shows-exhibitions-3
Crawling 156: https://www.morfrac.com/solution
Crawling 157: https://www.morfrac.com/shop/category/morfblock-morfblock-light-18
Crawling 158: https://www.morfrac.com/shop/category/morfblock-morfblock-ultra-38
Crawling 159: https://www.morfrac.com/shop/category/morfblock-morfblock-wood-20
Crawling 160: https://www.morfrac.com/shop/category/morfblock-morfblock-xl-21
Crawling 161: https://www.morfrac.com/become-a-morfrac-trade-partner
Crawling 162: https://www.morfrac.com/shop/category/powerfurl-powerfurl-singleline-30
Crawling 163: https://www.morfrac.com/shop/category/powerfurl-tdi-22
Crawling 164: https://www.morfrac.com/shop/category/powerfurl-tdis-23
Crawling 165: https://www.morfrac.com/shop/category/custom-33
Crawling 166: https://www.morfrac.com/shop/category/dogbone-dogbone-al-28
Crawling 167: https://www.morfrac.com/shop/category/dogbone-dogbone-ti-29
Crawling 168: https://www.morfrac.com/shop/category/mainsail-systems-39
Crawling 169: https://www.morfrac.com/shop/category/morfblock-max-38
Crawling 170: https://www.morfrac.com/shop/category/morfblock-morfblock-snatch-19
Crawling 171: https://www.morfrac.com/shop/category/mreel-35
Crawling 172: https://www.morfrac.com/shop/category/powerfurl-continuous-line-31
Crawling 173: https://www.morfrac.com/shop/category/powerfurl-continuous-line-powerfurl-eight-10
Crawling 174: https://www.morfrac.com/shop/category/powerfurl-continuous-line-powerfurl-four-11
Crawling 175: https://www.morfrac.com/shop/category/powerfurl-continuous-line-powerfurl-one-12
Crawling 176: https://www.morfrac.com/shop/category/powerfurl-continuous-line-powerfurl-six-13
Crawling 177: https://www.morfrac.com/shop/category/powerfurl-continuous-line-powerfurl-ten-14
Crawling 178: https://www.morfrac.com/shop/category/powerfurl-continuous-line-powerfurl-three-15
Crawling 179: https://www.morfrac.com/shop/category/powerfurl-continuous-line-powerfurl-twelve-16
Crawling 180: https://www.morfrac.com/shop/category/powerfurl-single-line-30
Crawling 181: https://www.morfrac.com/shop/category/powerfurl-tdi-s-23
Crawling 182: https://www.morfrac.com/shop/category/powerfurl-underdeck-32
Crawling 183: https://www.morfrac.com/shop/category/ti-shackle-24
Crawling 184: https://www.morfrac.com/shop/morfblock-light-0-5-sailing-block-12322
Crawling 185: https://www.morfrac.com/shop/page/11
Crawling 186: https://www.morfrac.com/shop/page/2
Crawling 187: https://www.morfrac.com/shop/page/3
Crawling 188: https://www.morfrac.com/shop/page/4
Crawling 189: https://www.morfrac.com/shop/powerfurl-one-drum-bottom-furling-unit-12529
Crawling 190: https://www.morfrac.com/shop/powerfurl-one-furling-kit-12530
Crawling 191: https://www.morfrac.com/shop/powerfurl-one-furling-kit-shackles-12531
Crawling 192: https://www.morfrac.com/shop/powerfurl-one-head-swivel-unit-12533
Crawling 193: https://www.morfrac.com/shop/powerfurl-one-lashing-fitting-12524
Crawling 194: https://www.morfrac.com/shop/powerfurl-one-thimble-12528
Crawling 195: https://www.morfrac.com/shop/powerfurl-one-top-down-furling-kit-12825
Crawling 196: https://www.morfrac.com/shop/powerfurl-one-top-down-integrator-12534
Crawling 197: https://www.morfrac.com/shop/powerfurl-ten-continuous-line-furling-kit-12564
Crawling 198: https://www.morfrac.com/shop/powerfurl-ten-drum-bottom-furling-unit-12560
Crawling 199: https://www.morfrac.com/shop/powerfurl-ten-fork-2-1-fitting-12562
Crawling 200: https://www.morfrac.com/shop/powerfurl-ten-fork-fitting-12561
Crawling 201: https://www.morfrac.com/shop/powerfurl-ten-head-swivel-unit-12566
Crawling 202: https://www.morfrac.com/shop/powerfurl-ten-tdis-top-down-integrators-12567
Crawling 203: https://www.morfrac.com/shop/ti-shackle-grade5-titanium-shackle-12526
Crawling 204: https://www.morfrac.com/subscribe-to-the-morfrac-dispatch
Crawling 205: https://www.morfrac.com/shop/category/powerfurl-1/page/2
Crawling 206: https://www.morfrac.com/shop/category/powerfurl-1/page/3
Crawling 207: https://www.morfrac.com/shop/category/powerfurl-1/page/4
Crawling 208: https://www.morfrac.com/shop/category/powerfurl-1/page/5
Crawling 209: https://www.morfrac.com/shop/powerfurl-1/powerfurl-one-drum-bottom-furling-unit-12529
Crawling 210: https://www.morfrac.com/shop/powerfurl-1/powerfurl-one-furling-kit-12530
Crawling 211: https://www.morfrac.com/shop/powerfurl-1/powerfurl-one-furling-kit-shackles-12531
Crawling 212: https://www.morfrac.com/shop/powerfurl-1/powerfurl-one-head-swivel-unit-12533
Crawling 213: https://www.morfrac.com/shop/powerfurl-1/powerfurl-one-lashing-fitting-12524
Crawling 214: https://www.morfrac.com/shop/powerfurl-1/powerfurl-one-thimble-12528
Crawling 215: https://www.morfrac.com/shop/powerfurl-1/powerfurl-one-top-down-furling-kit-12825
Crawling 216: https://www.morfrac.com/shop/powerfurl-1/powerfurl-one-top-down-integrator-12534
Crawling 217: https://www.morfrac.com/shop/powerfurl-1/powerfurl-ten-continuous-line-furling-kit-12564
Crawling 218: https://www.morfrac.com/shop/powerfurl-1/powerfurl-ten-drum-bottom-furling-unit-12560
Crawling 219: https://www.morfrac.com/shop/powerfurl-1/powerfurl-ten-fork-2-1-fitting-12562
Crawling 220: https://www.morfrac.com/shop/powerfurl-1/powerfurl-ten-fork-fitting-12561
Crawling 221: https://www.morfrac.com/shop/powerfurl-1/powerfurl-ten-head-swivel-unit-12566
Crawling 222: https://www.morfrac.com/shop/powerfurl-1/powerfurl-ten-tdis-top-down-integrators-12567
Crawling 223: https://www.morfrac.com/shop/powerfurl-1/powerfurl-twelve-continuous-line-furling-kit-12596
Crawling 224: https://www.morfrac.com/shop/powerfurl-1/ti-shackle-grade5-titanium-shackle-12526
Crawling 225: https://www.morfrac.com/shop/dogbone-25/dogbone-25-7-aluminium-12460
Crawling 226: https://www.morfrac.com/shop/dogbone-25/dogbone-40-12-aluminium-12461
Crawling 227: https://www.morfrac.com/shop/dogbone-25/dogbone-40-12-titanium-12462
Crawling 228: https://www.morfrac.com/shop/dogbone-25/dogbone-45-19-aluminium-12463
Crawling 229: https://www.morfrac.com/shop/dogbone-25/dogbone-50-15-aluminium-12464
Crawling 230: https://www.morfrac.com/shop/dogbone-25/dogbone-50-15-titanium-12465
Crawling 231: https://www.morfrac.com/shop/dogbone-25/dogbone-60-19-aluminium-12466
Crawling 232: https://www.morfrac.com/shop/dogbone-25/dogbone-60-19-titanium-12646
Crawling 233: https://www.morfrac.com/shop/dogbone-25/dogbone-60-23-aluminium-12467
Crawling 234: https://www.morfrac.com/shop/dogbone-25/dogbone-65-24-aluminium-12469
Crawling 235: https://www.morfrac.com/shop/dogbone-25/dogbone-70-26-titanium-12673
Crawling 236: https://www.morfrac.com/shop/dogbone-25/dogbone-flat-faced-large-titanium-12821
Crawling 237: https://www.morfrac.com/shop/dogbone-25/dogbone-flat-faced-medium-titanium-12820
Crawling 238: https://www.morfrac.com/shop/dogbone-25/dogbone-flat-faced-small-titanium-12819
Crawling 239: https://www.morfrac.com/shop/mloop-34/mloop-custom-12674
Crawling 240: https://www.morfrac.com/shop/mloop-34/mloop-dyneema-loop-12675
Crawling 241: https://www.morfrac.com/shop/category/morfblock-17/page/2
Crawling 242: https://www.morfrac.com/shop/category/morfblock-17/page/3
Crawling 243: https://www.morfrac.com/shop/morfblock-17/morfblock-light-0-5-sailing-block-12322
Crawling 244: https://www.morfrac.com/shop/morfblock-17/morfblock-light-01-high-load-sailing-block-12324
Crawling 245: https://www.morfrac.com/shop/morfblock-17/morfblock-light-01-performance-sailing-block-12326
Crawling 246: https://www.morfrac.com/shop/morfblock-17/morfblock-light-02-high-load-sailing-block-12328
Crawling 247: https://www.morfrac.com/shop/morfblock-17/morfblock-light-02-performance-sailing-block-12330
Crawling 248: https://www.morfrac.com/shop/morfblock-17/morfblock-light-03-high-load-sailing-block-12332
Crawling 249: https://www.morfrac.com/shop/morfblock-17/morfblock-light-03-performance-sailing-block-12334
Crawling 250: https://www.morfrac.com/shop/morfblock-17/morfblock-light-04-high-load-sailing-block-12336
Crawling 251: https://www.morfrac.com/shop/morfblock-17/morfblock-light-04-performance-sailing-block-12338
Crawling 252: https://www.morfrac.com/shop/morfblock-17/morfblock-light-05-high-load-sailing-block-12340
Crawling 253: https://www.morfrac.com/shop/morfblock-17/morfblock-light-05-performance-sailing-block-12342
Crawling 254: https://www.morfrac.com/shop/morfblock-17/morfblock-light-06-high-load-sailing-block-12344
Crawling 255: https://www.morfrac.com/shop/morfblock-17/morfblock-light-06-performance-sailing-block-12346
Crawling 256: https://www.morfrac.com/shop/morfblock-17/morfblock-xl-01-high-load-sailing-block-12364
Crawling 257: https://www.morfrac.com/shop/morfblock-17/morfblock-xl-01-performance-sailing-block-12366
Crawling 258: https://www.morfrac.com/shop/morfblock-17/morfblock-xl-02-high-load-sailing-block-12372
Crawling 259: https://www.morfrac.com/shop/morfring-26/morfring-15-10pack-friction-ring-12898
Crawling 260: https://www.morfrac.com/shop/morfring-26/morfring-15-ptfe-friction-ring-12476
Crawling 261: https://www.morfrac.com/shop/morfring-26/morfring-20-ptfe-friction-ring-12477
Crawling 262: https://www.morfrac.com/shop/morfring-26/morfring-30-ptfe-friction-ring-12478
Crawling 263: https://www.morfrac.com/shop/morfring-26/morfring-40-ptfe-friction-ring-12479
Crawling 264: https://www.morfrac.com/shop/morfring-26/morfring-50-ptfe-friction-ring-12481
Crawling 265: https://www.morfrac.com/shop/morfring-26/morfring-50xl-ptfe-friction-ring-12480
Crawling 266: https://www.morfrac.com/shop/morfring-26/morfring-60-ptfe-friction-ring-12483
Crawling 267: https://www.morfrac.com/shop/morfring-26/morfring-60xl-12828
Crawling 268: https://www.morfrac.com/shop/morfring-26/morfring-60xl-ptfe-friction-ring-12482
Crawling 269: https://www.morfrac.com/shop/morfring-26/morfring-70-ptfe-friction-ring-12485
Crawling 270: https://www.morfrac.com/shop/morfring-26/morfring-70xl-ptfe-friction-ring-12484
Crawling 271: https://www.morfrac.com/shop/padeye-27/padeye-ring-20-15-stick-on-padeye-ring-12652
Crawling 272: https://www.morfrac.com/shop/padeye-27/padeye-ring-20-20-stick-on-padeye-ring-12654
Crawling 273: https://www.morfrac.com/shop/padeye-27/padeye-ring-20-30-stick-on-padeye-ring-12653
Crawling 274: https://www.morfrac.com/shop/padeye-27/padeye-stick-20-stick-on-padeye-12650
Crawling 275: https://www.morfrac.com/shop/padeye-27/padeye-stick-40-stick-on-padeye-12651
Crawling 276: https://www.morfrac.com/shop/padeye-27/padeye-through-1-5t-through-deck-padeye-12640
Crawling 277: https://www.morfrac.com/shop/padeye-27/padeye-through-3t-through-deck-padeye-12649
Crawling 278: https://www.morfrac.com/shop/padeye-27/padeye-through-6t-through-deck-padeye-12655
Crawling 279: https://www.morfrac.com/shop/ti-shackle-24/powerfurl-six-ti-shackle-12541
Crawling 280: https://www.morfrac.com/shop/ti-shackle-24/powerfurl-three-ti-shackle-12575
Crawling 281: https://www.morfrac.com/shop/ti-shackle-24/powerfurl6-shackle10-12826
Crawling 282: https://www.morfrac.com/shop/ti-shackle-24/ti-shackle-grade5-titanium-shackle-12526
Crawling 283: https://www.morfrac.com/es/blog/blog-1
Crawling 284: https://www.morfrac.com/es/blog/blog-1/2024-vaya-ano-32
Crawling 285: https://www.morfrac.com/es/blog/blog-1/mets-2024-17
Crawling 286: https://www.morfrac.com/es/blog/blog-1/morfrac-de-walle-sails-33
Crawling 287: https://www.morfrac.com/es/blog/blog-1/new-powerfurl-one-38
Crawling 288: https://www.morfrac.com/es/blog/blog-1/presentamos-morfwing-31
Crawling 289: https://www.morfrac.com/es/blog/blog-1/set-sail-with-morfrac-16
Crawling 290: https://www.morfrac.com/es/blog/custom-6
Crawling 291: https://www.morfrac.com/es/blog/custom-6/40000-times-its-weight-15
Crawling 292: https://www.morfrac.com/es/blog/custom-6/cunningham-furler-25
Crawling 293: https://www.morfrac.com/es/blog/custom-6/pignose-titanium-24
Crawling 294: https://www.morfrac.com/es/blog/custom-6/un-toque-de-color-12
Crawling 295: https://www.morfrac.com/es/blog/historias-4
Crawling 296: https://www.morfrac.com/es/blog/historias-4/aluminio-titanio-o-acero-inoxidable-39
Crawling 297: https://www.morfrac.com/es/blog/historias-4/moldes-impresos-en-3d-10
Crawling 298: https://www.morfrac.com/es/blog/page/2
Crawling 299: https://www.morfrac.com/es/blog/tag/custom-9
Crawling 300: https://www.morfrac.com/es/blog/tag/events-12
Crawling 301: https://www.morfrac.com/es/blog/tag/manufacturing-8
Crawling 302: https://www.morfrac.com/es/blog/tag/materials-14
Crawling 303: https://www.morfrac.com/es/blog/tag/media-5
Crawling 304: https://www.morfrac.com/es/blog/tag/morfblock-1
Crawling 305: https://www.morfrac.com/es/blog/tag/morfrac-network-10
Crawling 306: https://www.morfrac.com/es/blog/tag/morfwing-13
Crawling 307: https://www.morfrac.com/es/blog/tag/news-2
Crawling 308: https://www.morfrac.com/es/blog/tag/on-board-6
Crawling 309: https://www.morfrac.com/es/blog/tag/partners-11
Crawling 310: https://www.morfrac.com/es/blog/tag/powerfurl-4
Crawling 311: https://www.morfrac.com/es/blog/tag/shows-exhibitions-3
Crawling 312: https://www.morfrac.com/es/solution
Crawling 313: https://www.morfrac.com/es/shop/category/morfblock-morfblock-ultra-38
Crawling 314: https://www.morfrac.com/es/shop/category/powerfurl-tdis-23
Crawling 315: https://www.morfrac.com/es/shop/morfblock-light-0-5-sailing-block-12322
Crawling 316: https://www.morfrac.com/es/shop/page/11
Crawling 317: https://www.morfrac.com/es/shop/page/2
Crawling 318: https://www.morfrac.com/es/shop/page/3
Crawling 319: https://www.morfrac.com/es/shop/page/4
Crawling 320: https://www.morfrac.com/es/shop/powerfurl-one-drum-bottom-furling-unit-12529
Crawling 321: https://www.morfrac.com/es/shop/powerfurl-one-furling-kit-12530
Crawling 322: https://www.morfrac.com/es/shop/powerfurl-one-furling-kit-shackles-12531
Crawling 323: https://www.morfrac.com/es/shop/powerfurl-one-head-swivel-unit-12533
Crawling 324: https://www.morfrac.com/es/shop/powerfurl-one-lashing-fitting-12524
Crawling 325: https://www.morfrac.com/es/shop/powerfurl-one-thimble-12528
Crawling 326: https://www.morfrac.com/es/shop/powerfurl-one-top-down-furling-kit-12825
Crawling 327: https://www.morfrac.com/es/shop/powerfurl-one-top-down-integrator-12534
Crawling 328: https://www.morfrac.com/es/shop/powerfurl-ten-continuous-line-furling-kit-12564
Crawling 329: https://www.morfrac.com/es/shop/powerfurl-ten-drum-bottom-furling-unit-12560
Crawling 330: https://www.morfrac.com/es/shop/powerfurl-ten-fork-2-1-fitting-12562
Crawling 331: https://www.morfrac.com/es/shop/powerfurl-ten-fork-fitting-12561
Crawling 332: https://www.morfrac.com/es/shop/powerfurl-ten-head-swivel-unit-12566
Crawling 333: https://www.morfrac.com/es/shop/powerfurl-ten-tdis-top-down-integrators-12567
Crawling 334: https://www.morfrac.com/es/shop/ti-shackle-grade5-titanium-shackle-12526
Crawling 335: https://www.morfrac.com/es/shop/dogbone-25/dogbone-25-7-aluminium-12460
Crawling 336: https://www.morfrac.com/es/shop/dogbone-25/dogbone-40-12-aluminium-12461
Crawling 337: https://www.morfrac.com/es/shop/dogbone-25/dogbone-40-12-titanium-12462
Crawling 338: https://www.morfrac.com/es/shop/dogbone-25/dogbone-45-19-aluminium-12463
Crawling 339: https://www.morfrac.com/es/shop/dogbone-25/dogbone-50-15-aluminium-12464
Crawling 340: https://www.morfrac.com/es/shop/dogbone-25/dogbone-50-15-titanium-12465
Crawling 341: https://www.morfrac.com/es/shop/dogbone-25/dogbone-60-19-aluminium-12466
Crawling 342: https://www.morfrac.com/es/shop/dogbone-25/dogbone-60-19-titanium-12646
Crawling 343: https://www.morfrac.com/es/shop/dogbone-25/dogbone-60-23-aluminium-12467
Crawling 344: https://www.morfrac.com/es/shop/dogbone-25/dogbone-65-24-aluminium-12469
Crawling 345: https://www.morfrac.com/es/shop/dogbone-25/dogbone-70-26-titanium-12673
Crawling 346: https://www.morfrac.com/es/shop/dogbone-25/dogbone-flat-faced-large-titanium-12821
Crawling 347: https://www.morfrac.com/es/shop/dogbone-25/dogbone-flat-faced-medium-titanium-12820
Crawling 348: https://www.morfrac.com/es/shop/dogbone-25/dogbone-flat-faced-small-titanium-12819
Crawling 349: https://www.morfrac.com/es/shop/morfring-26/morfring-15-10pack-friction-ring-12898
Crawling 350: https://www.morfrac.com/es/shop/morfring-26/morfring-15-ptfe-friction-ring-12476
Crawling 351: https://www.morfrac.com/es/shop/morfring-26/morfring-20-ptfe-friction-ring-12477
Crawling 352: https://www.morfrac.com/es/shop/morfring-26/morfring-30-ptfe-friction-ring-12478
Crawling 353: https://www.morfrac.com/es/shop/morfring-26/morfring-40-ptfe-friction-ring-12479
Crawling 354: https://www.morfrac.com/es/shop/morfring-26/morfring-50-ptfe-friction-ring-12481
Crawling 355: https://www.morfrac.com/es/shop/morfring-26/morfring-50xl-ptfe-friction-ring-12480
Crawling 356: https://www.morfrac.com/es/shop/morfring-26/morfring-60-ptfe-friction-ring-12483
Crawling 357: https://www.morfrac.com/es/shop/morfring-26/morfring-60xl-12828
Crawling 358: https://www.morfrac.com/es/shop/morfring-26/morfring-60xl-ptfe-friction-ring-12482
Crawling 359: https://www.morfrac.com/es/shop/morfring-26/morfring-70-ptfe-friction-ring-12485
Crawling 360: https://www.morfrac.com/es/shop/morfring-26/morfring-70xl-ptfe-friction-ring-12484
Crawling 361: https://www.morfrac.com/es/shop/padeye-27/padeye-ring-20-15-stick-on-padeye-ring-12652
Crawling 362: https://www.morfrac.com/es/shop/padeye-27/padeye-ring-20-20-stick-on-padeye-ring-12654
Crawling 363: https://www.morfrac.com/es/shop/padeye-27/padeye-ring-20-30-stick-on-padeye-ring-12653
Crawling 364: https://www.morfrac.com/es/shop/padeye-27/padeye-stick-20-stick-on-padeye-12650
Crawling 365: https://www.morfrac.com/es/shop/padeye-27/padeye-stick-40-stick-on-padeye-12651
Crawling 366: https://www.morfrac.com/es/shop/padeye-27/padeye-through-1-5t-through-deck-padeye-12640
Crawling 367: https://www.morfrac.com/es/shop/padeye-27/padeye-through-3t-through-deck-padeye-12649
Crawling 368: https://www.morfrac.com/es/shop/padeye-27/padeye-through-6t-through-deck-padeye-12655
Crawling 369: https://www.morfrac.com/es/shop/category/powerfurl-1/page/2
Crawling 370: https://www.morfrac.com/es/shop/category/powerfurl-1/page/3
Crawling 371: https://www.morfrac.com/es/shop/category/powerfurl-1/page/4
Crawling 372: https://www.morfrac.com/es/shop/category/powerfurl-1/page/5
Crawling 373: https://www.morfrac.com/es/shop/powerfurl-1/powerfurl-one-drum-bottom-furling-unit-12529
Crawling 374: https://www.morfrac.com/es/shop/powerfurl-1/powerfurl-one-furling-kit-12530
Crawling 375: https://www.morfrac.com/es/shop/powerfurl-1/powerfurl-one-furling-kit-shackles-12531
Crawling 376: https://www.morfrac.com/es/shop/powerfurl-1/powerfurl-one-head-swivel-unit-12533
Crawling 377: https://www.morfrac.com/es/shop/powerfurl-1/powerfurl-one-lashing-fitting-12524
Crawling 378: https://www.morfrac.com/es/shop/powerfurl-1/powerfurl-one-thimble-12528
Crawling 379: https://www.morfrac.com/es/shop/powerfurl-1/powerfurl-one-top-down-furling-kit-12825
Crawling 380: https://www.morfrac.com/es/shop/powerfurl-1/powerfurl-one-top-down-integrator-12534
Crawling 381: https://www.morfrac.com/es/shop/powerfurl-1/powerfurl-ten-continuous-line-furling-kit-12564
Crawling 382: https://www.morfrac.com/es/shop/powerfurl-1/powerfurl-ten-drum-bottom-furling-unit-12560
Crawling 383: https://www.morfrac.com/es/shop/powerfurl-1/powerfurl-ten-fork-2-1-fitting-12562
Crawling 384: https://www.morfrac.com/es/shop/powerfurl-1/powerfurl-ten-fork-fitting-12561
Crawling 385: https://www.morfrac.com/es/shop/powerfurl-1/powerfurl-ten-head-swivel-unit-12566
Crawling 386: https://www.morfrac.com/es/shop/powerfurl-1/powerfurl-ten-tdis-top-down-integrators-12567
Crawling 387: https://www.morfrac.com/es/shop/powerfurl-1/powerfurl-twelve-continuous-line-furling-kit-12596
Crawling 388: https://www.morfrac.com/es/shop/powerfurl-1/ti-shackle-grade5-titanium-shackle-12526
Crawling 389: https://www.morfrac.com/es/shop/ti-shackle-24/powerfurl-six-ti-shackle-12541
Crawling 390: https://www.morfrac.com/es/shop/ti-shackle-24/powerfurl-three-ti-shackle-12575
Crawling 391: https://www.morfrac.com/es/shop/ti-shackle-24/powerfurl6-shackle10-12826
Crawling 392: https://www.morfrac.com/es/shop/ti-shackle-24/ti-shackle-grade5-titanium-shackle-12526
Crawling 393: https://www.morfrac.com/es/blog/stories-4
Crawling 394: https://www.morfrac.com/es/shop/outlet-36/dogbone-flat-faced-large-titanium-12821
Crawling 395: https://www.morfrac.com/es/shop/outlet-36/dogbone-flat-faced-medium-titanium-12820
Crawling 396: https://www.morfrac.com/es/shop/outlet-36/dogbone-flat-faced-small-titanium-12819
Crawling 397: https://www.morfrac.com/es/shop/outlet-36/morfblock-light-4-hl-12823
Crawling 398: https://www.morfrac.com/es/shop/outlet-36/morfring-60xl-12828
Crawling 399: https://www.morfrac.com/es/shop/outlet-36/powerfurl3-kit-mix-12818
Crawling 400: https://www.morfrac.com/es/shop/outlet-36/powerfurl3-thimble-12817
Crawling 401: https://www.morfrac.com/es/shop/outlet-36/powerfurl8-single-kit-12822
Crawling 402: https://www.morfrac.com/es/shop/outlet-36/shackle-17-4ph-12827
Crawling 403: https://www.morfrac.com/es/shop/outlet-36/torbol-3-8-torlon-balls-9-525-3-8-10-pack-12816
Crawling 404: https://www.morfrac.com/documents/content/DJfhNPEwQOWKgG4br81f3Qo24
Crawling 405: https://www.morfrac.com/documents/content/PlGfSxqcRQqanrFuPh90wwo26
Crawling 406: https://www.morfrac.com/shop/outlet-36/dogbone-flat-faced-large-titanium-12821
Crawling 407: https://www.morfrac.com/shop/outlet-36/dogbone-flat-faced-medium-titanium-12820
Crawling 408: https://www.morfrac.com/shop/outlet-36/dogbone-flat-faced-small-titanium-12819
Crawling 409: https://www.morfrac.com/shop/outlet-36/morfblock-light-4-hl-12823
Crawling 410: https://www.morfrac.com/shop/outlet-36/morfring-60xl-12828
Crawling 411: https://www.morfrac.com/shop/outlet-36/powerfurl3-kit-mix-12818
Crawling 412: https://www.morfrac.com/shop/outlet-36/powerfurl3-thimble-12817
Crawling 413: https://www.morfrac.com/shop/outlet-36/powerfurl8-single-kit-12822
Crawling 414: https://www.morfrac.com/shop/outlet-36/shackle-17-4ph-12827
Crawling 415: https://www.morfrac.com/shop/outlet-36/torbol-3-8-torlon-balls-9-525-3-8-10-pack-12816
Crawling 416: https://www.morfrac.com/es/shop/custom-33/m-swivel-12663
Crawling 417: https://www.morfrac.com/es/shop/custom-33/morfblcok-custom-runners-12664
Crawling 418: https://www.morfrac.com/es/shop/custom-33/morfblock-titanium-snatch-12666
Crawling 419: https://www.morfrac.com/es/shop/custom-33/powerfurl-underdeck-custom-furling-system-12662
Crawling 420: https://www.morfrac.com/es/shop/custom-33/powerfurl6-shackle10-12826
Crawling 421: https://www.morfrac.com/es/shop/custom-33/snatch-ring-12442
Crawling 422: https://www.morfrac.com/es/shop/dogbone-dogbone-al-28/dogbone-25-7-aluminium-12460
Crawling 423: https://www.morfrac.com/es/shop/dogbone-dogbone-al-28/dogbone-40-12-aluminium-12461
Crawling 424: https://www.morfrac.com/es/shop/dogbone-dogbone-al-28/dogbone-45-19-aluminium-12463
Crawling 425: https://www.morfrac.com/es/shop/dogbone-dogbone-al-28/dogbone-50-15-aluminium-12464
Crawling 426: https://www.morfrac.com/es/shop/dogbone-dogbone-al-28/dogbone-60-19-aluminium-12466
Crawling 427: https://www.morfrac.com/es/shop/dogbone-dogbone-al-28/dogbone-60-23-aluminium-12467
Crawling 428: https://www.morfrac.com/es/shop/dogbone-dogbone-al-28/dogbone-65-24-aluminium-12469
Crawling 429: https://www.morfrac.com/es/shop/dogbone-dogbone-ti-29/dogbone-40-12-titanium-12462
Crawling 430: https://www.morfrac.com/es/shop/dogbone-dogbone-ti-29/dogbone-50-15-titanium-12465
Crawling 431: https://www.morfrac.com/es/shop/dogbone-dogbone-ti-29/dogbone-60-19-titanium-12646
Crawling 432: https://www.morfrac.com/es/shop/dogbone-dogbone-ti-29/dogbone-70-26-titanium-12673
Crawling 433: https://www.morfrac.com/es/shop/dogbone-dogbone-ti-29/dogbone-flat-faced-large-titanium-12821
Crawling 434: https://www.morfrac.com/es/shop/dogbone-dogbone-ti-29/dogbone-flat-faced-medium-titanium-12820
Crawling 435: https://www.morfrac.com/es/shop/dogbone-dogbone-ti-29/dogbone-flat-faced-small-titanium-12819
Crawling 436: https://www.morfrac.com/es/shop/mainsail-systems-39/hoistlock-gaff-lock-mainsail-system-12894
Crawling 437: https://www.morfrac.com/es/shop/morfblock-max-38/morfblock-max-1-5t-sailing-block-12882
Crawling 438: https://www.morfrac.com/es/shop/morfblock-max-38/morfblock-max-12t-sailing-block-12886
Crawling 439: https://www.morfrac.com/es/shop/morfblock-max-38/morfblock-max-3t-sailing-block-12859
Crawling 440: https://www.morfrac.com/es/shop/morfblock-max-38/morfblock-max-5t-sailing-block-12861
Crawling 441: https://www.morfrac.com/es/shop/morfblock-max-38/morfblock-max-7t-sailing-block-12884
Crawling 442: https://www.morfrac.com/es/shop/morfblock-max-38/morfblock-max-9t-sailing-block-12885
Crawling 443: https://www.morfrac.com/es/shop/morfblock-morfblock-light-18/morfblock-light-0-5-sailing-block-12322
Crawling 444: https://www.morfrac.com/es/shop/morfblock-morfblock-light-18/morfblock-light-01-high-load-sailing-block-12324
Crawling 445: https://www.morfrac.com/es/shop/morfblock-morfblock-light-18/morfblock-light-01-performance-sailing-block-12326
Crawling 446: https://www.morfrac.com/es/shop/morfblock-morfblock-light-18/morfblock-light-02-high-load-sailing-block-12328
Crawling 447: https://www.morfrac.com/es/shop/morfblock-morfblock-light-18/morfblock-light-02-performance-sailing-block-12330
Crawling 448: https://www.morfrac.com/es/shop/morfblock-morfblock-light-18/morfblock-light-03-high-load-sailing-block-12332
Crawling 449: https://www.morfrac.com/es/shop/morfblock-morfblock-light-18/morfblock-light-03-performance-sailing-block-12334
Crawling 450: https://www.morfrac.com/es/shop/morfblock-morfblock-light-18/morfblock-light-04-high-load-sailing-block-12336
Crawling 451: https://www.morfrac.com/es/shop/morfblock-morfblock-light-18/morfblock-light-04-performance-sailing-block-12338
Crawling 452: https://www.morfrac.com/es/shop/morfblock-morfblock-light-18/morfblock-light-05-high-load-sailing-block-12340
Crawling 453: https://www.morfrac.com/es/shop/morfblock-morfblock-light-18/morfblock-light-05-performance-sailing-block-12342
Crawling 454: https://www.morfrac.com/es/shop/morfblock-morfblock-light-18/morfblock-light-06-high-load-sailing-block-12344
Crawling 455: https://www.morfrac.com/es/shop/morfblock-morfblock-light-18/morfblock-light-06-performance-sailing-block-12346
Crawling 456: https://www.morfrac.com/es/shop/morfblock-morfblock-snatch-19/morfblock-snatch-1-5-12475
Crawling 457: https://www.morfrac.com/es/shop/morfblock-morfblock-wood-20/morfblock-wood-01-wooden-sailing-block-12360
Crawling 458: https://www.morfrac.com/es/shop/morfblock-morfblock-wood-20/morfblock-wood-02-high-load-wooden-sailing-block-12368
Crawling 459: https://www.morfrac.com/es/shop/morfblock-morfblock-wood-20/morfblock-wood-03-high-load-wooden-sailing-block-12376
Crawling 460: https://www.morfrac.com/es/shop/morfblock-morfblock-wood-20/morfblock-wood-05-wooden-sailing-block-12384
Crawling 461: https://www.morfrac.com/es/shop/morfblock-morfblock-wood-20/morfblock-wood-08-wooden-sailing-block-12388
Crawling 462: https://www.morfrac.com/es/shop/morfblock-morfblock-wood-20/morfblock-wood-10-wooden-sailing-block-12348
Crawling 463: https://www.morfrac.com/es/shop/morfblock-morfblock-wood-20/morfblock-wood-12-wooden-sailing-block-12352
Crawling 464: https://www.morfrac.com/es/shop/morfblock-morfblock-wood-20/morfblock-wood-15-wooden-sailing-block-12356
Crawling 465: https://www.morfrac.com/es/shop/morfblock-morfblock-xl-21/morfblcok-custom-runners-12664
Crawling 466: https://www.morfrac.com/es/shop/morfblock-morfblock-xl-21/morfblock-xl-01-high-load-sailing-block-12364
Crawling 467: https://www.morfrac.com/es/shop/morfblock-morfblock-xl-21/morfblock-xl-01-performance-sailing-block-12366
Crawling 468: https://www.morfrac.com/es/shop/morfblock-morfblock-xl-21/morfblock-xl-02-high-load-sailing-block-12372
Crawling 469: https://www.morfrac.com/es/shop/morfblock-morfblock-xl-21/morfblock-xl-02-performance-sailing-block-12374
Crawling 470: https://www.morfrac.com/es/shop/morfblock-morfblock-xl-21/morfblock-xl-03-high-load-sailing-block-12380
Crawling 471: https://www.morfrac.com/es/shop/morfblock-morfblock-xl-21/morfblock-xl-03-performance-sailing-block-12382
Crawling 472: https://www.morfrac.com/es/shop/morfblock-morfblock-xl-21/morfblock-xl-05-titanium-sailing-block-12386
Crawling 473: https://www.morfrac.com/es/shop/morfblock-morfblock-xl-21/morfblock-xl-08-titanium-sailing-block-12390
Crawling 474: https://www.morfrac.com/es/shop/morfblock-morfblock-xl-21/morfblock-xl-10-titanium-sailing-block-12350
Crawling 475: https://www.morfrac.com/es/shop/morfblock-morfblock-xl-21/morfblock-xl-12-titanium-sailing-block-12354
Crawling 476: https://www.morfrac.com/es/shop/morfblock-morfblock-xl-21/morfblock-xl-15-titanium-sailing-block-12358
Crawling 477: https://www.morfrac.com/es/shop/mreel-35/mreel-four-rope-reeler-12493
Crawling 478: https://www.morfrac.com/es/shop/mreel-35/mreel-one-rope-reeler-12491
Crawling 479: https://www.morfrac.com/es/shop/mreel-35/mreel-three-rope-reeler-12628
Crawling 480: https://www.morfrac.com/es/shop/mreel-35/mreel-two-rope-reeler-12492
Crawling 481: https://www.morfrac.com/es/shop/category/powerfurl-almacenadores-sin-fin-31/page/2
Crawling 482: https://www.morfrac.com/es/shop/category/powerfurl-almacenadores-sin-fin-31/page/3
Crawling 483: https://www.morfrac.com/es/shop/category/powerfurl-almacenadores-sin-fin-31/page/4
Crawling 484: https://www.morfrac.com/es/shop/category/powerfurl-almacenadores-sin-fin-31/page/5
Crawling 485: https://www.morfrac.com/es/shop/powerfurl-almacenadores-sin-fin-31/powerfurl-one-drum-bottom-furling-unit-12529
Crawling 486: https://www.morfrac.com/es/shop/powerfurl-almacenadores-sin-fin-31/powerfurl-one-furling-kit-12530
Crawling 487: https://www.morfrac.com/es/shop/powerfurl-almacenadores-sin-fin-31/powerfurl-one-furling-kit-shackles-12531
Crawling 488: https://www.morfrac.com/es/shop/powerfurl-almacenadores-sin-fin-31/powerfurl-one-head-swivel-unit-12533
Crawling 489: https://www.morfrac.com/es/shop/powerfurl-almacenadores-sin-fin-31/powerfurl-one-lashing-fitting-12524
Crawling 490: https://www.morfrac.com/es/shop/powerfurl-almacenadores-sin-fin-31/powerfurl-one-thimble-12528
Crawling 491: https://www.morfrac.com/es/shop/powerfurl-almacenadores-sin-fin-31/powerfurl-one-top-down-furling-kit-12825
Crawling 492: https://www.morfrac.com/es/shop/powerfurl-almacenadores-sin-fin-31/powerfurl-one-top-down-integrator-12534
Crawling 493: https://www.morfrac.com/es/shop/powerfurl-almacenadores-sin-fin-31/powerfurl-ten-continuous-line-furling-kit-12564
Crawling 494: https://www.morfrac.com/es/shop/powerfurl-almacenadores-sin-fin-31/powerfurl-ten-drum-bottom-furling-unit-12560
Crawling 495: https://www.morfrac.com/es/shop/powerfurl-almacenadores-sin-fin-31/powerfurl-ten-fork-2-1-fitting-12562
Crawling 496: https://www.morfrac.com/es/shop/powerfurl-almacenadores-sin-fin-31/powerfurl-ten-fork-fitting-12561
Crawling 497: https://www.morfrac.com/es/shop/powerfurl-almacenadores-sin-fin-31/powerfurl-ten-head-swivel-unit-12566
Crawling 498: https://www.morfrac.com/es/shop/powerfurl-almacenadores-sin-fin-31/powerfurl-ten-tdis-top-down-integrators-12567
Crawling 499: https://www.morfrac.com/es/shop/powerfurl-almacenadores-sin-fin-31/powerfurl-twelve-continuous-line-furling-kit-12596
Crawling 500: https://www.morfrac.com/es/shop/powerfurl-almacenadores-sin-fin-31/ti-shackle-grade5-titanium-shackle-12526

================================================
SEO CRAWL COMPLETE
================================================
Pages crawled: 500
Crawl CSV: C:\Users\nicol\Documents\Obsidian\Morfrac\MORFRAC\06_MARKETING\SEO_Agent\Crawls\2026-07-14_site_crawl.csv
================================================
