[01/07/2026  8:06:02.34] RUNNING COMPETITOR SUMMARY
Checking Karver: https://www.karver-systems.com
Checking Harken: https://www.harken.com
Checking Antal: https://www.antal.it
Checking Facnor: https://www.facnor.com
Checking Profurl: https://www.profurl.com
Checking Ubi Maior: https://www.ubimaioritalia.com
Checking KZ furlers: http://www.kzracefurlers.com/
Checking Ronstan: https://www.ronstan.com
Checking Lewmar: https://www.lewmar.com
Checking Spinlock: https://www.spinlock.co.uk
Checking Bamar: https://www.bamar.it
Checking Kohlhoff: https://www.kohlhoff-online.de
Checking Reckmann: https://www.reckmann.com
Checking Colligo Marine: https://www.colligomarine.com

COMPETITOR SUMMARY CREATED

C:\Users\nicol\Documents\Obsidian\Morfrac\MORFRAC\06_MARKETING\Competitors\Notes\2026-07-01_Competitor_Summary.md

COMPETITOR HISTORY UPDATED

C:\Users\nicol\Documents\Obsidian\Morfrac\MORFRAC\06_MARKETING\Competitors\History\competitor_history.csv
[01/07/2026  8:06:26.27] OK COMPETITOR SUMMARY
[01/07/2026  8:06:26.29] RUNNING CHANGE DETECTION

COMPETITOR CHANGE REPORT CREATED

C:\Users\nicol\Documents\Obsidian\Morfrac\MORFRAC\06_MARKETING\Competitors\Change_Reports\2026-07-01_Competitor_Changes.md
[01/07/2026  8:06:26.86] OK CHANGE DETECTION
[01/07/2026  8:06:26.88] COMPETITOR MONITORING COMPLETE
